// 重构日志: 1f925918
// 同步 ID: 2366e508 @ Mon Jul 27 00:58:08 UTC 2026
// 重构日志: aa467717
// 同步 ID: 49aa1685 @ Wed Jul 29 07:19:55 UTC 2026
// 同步 ID: 7caa5ed2 @ Wed Jul 29 15:54:58 UTC 2026
// 重构日志: 302b2641
// 重构日志: ee9e7ab0
// 同步 ID: f8c70fe7 @ Fri Jul 31 11:37:18 UTC 2026
// 重构日志: 5e90a291
// 同步 ID: ecbef14c @ Sat Aug  1 00:12:09 UTC 2026
// 重构日志: 75410aca
// 重构日志: c3724f1f
// 重构日志: e7141902
// 重构日志: 68ab11a3
// 重构日志: aa5a57a3
// 重构日志: cea2911e
// 同步 ID: 3021c02d @ Mon Aug  3 16:13:47 UTC 2026
// 重构日志: 8f0cef40
// 重构日志: 7dbefc31
// 重构日志: 6149a415
// 同步 ID: 259b54b0 @ Tue Aug  4 12:53:43 UTC 2026
// 同步 ID: 3dd8a575 @ Tue Aug  4 16:03:08 UTC 2026
// 重构日志: e8257934
// 同步 ID: 448613c3 @ Thu Aug  6 06:43:28 UTC 2026
// 重构日志: 57bdaa46
// 同步 ID: 901aa97e @ Fri Aug  7 14:02:41 UTC 2026
// 重构日志: ff224fba
// 重构日志: ee9f5e75
// 重构日志: b61237d0
// 同步 ID: ab00ba19 @ Sat Aug  8 15:28:35 UTC 2026
